<p><a href = "svg1532032772.svg"><img src = "svg1532032772.svg"></a></p>
<p><a href = "svg1531180313.svg"><img src = "svg1531180313.svg"></a></p>
<p><a href = "svg1531179612.svg"><img src = "svg1531179612.svg"></a></p>
