svg1534812843.svg,svg1534812836.svg,svg1532032772.svg,svg1531180313.svg,svg1531179612.svg,